 1      We the
 2    people of the
 3    United States,
 4    in order to
 5    form a more
 6    perfect union,
 7    establish
 8    justice,
 9    insure
10    domestic
10    tranquility,
10    provide for
10    the common
10    defense,
10    promote the
10    general
10    welfare, and
10    secure the
10    blessing of
10    liberty to
10    ourselves and
10    our posterity,
10    do ordain and
10    establish the
10    Constitution
10    of the United
10    States of
10    America.
