 1      We the people of the United States, in
 2order to form a more perfect union, establish
 3justice, insure domestic tranquility, provide for
 4the common defense, promote the general welfare,
 5and secure the blessing of liberty to ourselves
 6and our posterity, do ordain and establish the
 7Constitution of the United States of America.
