 1      We the people of the United States, in order to form
 2  a more perfect union, establish justice, insure domestic
 3  tranquility, provide for the common defense, promote
 4  the general welfare, and secure the blessing of liberty
 5  to ourselves and our posterity, do ordain and establish
 6  the Constitution of the United States of America.
