 1      We the people of the United States, in
 2  order to form a more perfect union, establish
 3  justice, insure domestic tranquility,
 4  provide for the common defense, promote
 5  the general welfare, and secure the
 6  blessing of liberty to ourselves and our
 7  posterity, do ordain and establish the
 8  Constitution of the United States of America.
