 1      We the people of
 2    the United States,
 3    in order to form a
 4    more perfect union,
 5    establish justice,
 6    insure domestic
 7    tranquility,
 8    provide for the
 9    common defense,
10    promote the general
10    welfare, and secure
10    the blessing
10    of liberty to
10    ourselves and
10    our posterity,
10    do ordain and
10    establish the
10    Constitution
10    of the United
10    States of America.
