          > > We the  people of  the United  States, in  order to
          > > form  a  more  perfect  union,  establish  justice,
          > > ensure domestic tranquility, provide for the common
          > > defense,
          >
          > Promote the general welfare,  and secure the blessing
          > of liberty to ourselves  and our posterity, do ordain
          > and establish  the Constitution of the  United States
          > of America.

