 1      We the people of the United
 2    States, in order to form a
 3    more perfect union, establish
 4    justice, insure domestic
 5    tranquility, provide for the
 6    common defense, promote the
 7    general welfare, and secure
 8    the blessing of liberty to
 9    ourselves and our posterity,
10    do ordain and establish
10    the Constitution of the
10    United States of America.
