 1      We the people of the United
 2      States, in order to form a
 3      more perfect union, establish
 4      justice, insure domestic
 5      tranquility, provide for the
 6      common defense, promote the
 7      general welfare, and secure the
 8      blessing of liberty to ourselves
 9      and our posterity, do ordain and
10      establish the Constitution of
10      the United States of America.
