 1      We the people of
 2    the United States, in
 3    order to form a more
 4    perfect union, establish
 5    justice, insure
 6    domestic tranquility,
 7    provide for the common
 8    defense, promote the
 9    general welfare, and
10    secure the blessing of
10    liberty to ourselves
10    and our posterity, do
10    ordain and establish
10    the Constitution
10    of the United
10    States of America.
