 1      We the people of the United States, in order to
 2  form a more perfect union, establish justice, insure
 3  domestic tranquility, provide for the common defense,
 4  promote the general welfare, and secure the blessing of
 5  liberty to ourselves and our posterity, do ordain and
 6  establish the Constitution of the United States of America.
