 1      We the people of the United States,
 2      in order to form a more perfect
 3      union, establish justice, insure
 4      domestic tranquility, provide for
 5      the common defense, promote the
 6      general welfare, and secure the
 7      blessing of liberty to ourselves
 8      and our posterity, do ordain and
 9      establish the Constitution of
10      the United States of America.
